[DEBUG] Loading GFF: /Users/olinblodgett/Desktop/FMS/HTP/GFF/SGD_0.gff.gz
[DEBUG] Loading FASTA: /Users/olinblodgett/Desktop/FMS/HTP/FASTA/SGD_SGDr64.fa
[DEBUG] Processing VCF: /Users/olinblodgett/git/agr_java_software/agr_vep/debug/input/sample.vcf
[TRACE] Mapper.map_coordinates id=genome start=1524930 end=1524932 strand=-1 type=genomic from=cdna to=genomic
[TRACE]   -> Coord id=cdna start=2 end=4 strand=1
[TRACE] BTV.cdna_start tr=YDR543C_mRNA vf=1524930:1524932 cdna_start=2 cdna_end=4
[TRACE] Mapper.map_coordinates id=genome start=1524930 end=1524932 strand=-1 type=genomic from=cdna to=genomic
[TRACE]   -> Coord id=cdna start=2 end=4 strand=1
[TRACE] BTV.cds_start tr=YDR543C_mRNA vf=1524930:1524932 exon_phase=0 cds_start=2 cds_end=4
[TRACE] Mapper.map_coordinates id=genome start=1524930 end=1524932 strand=-1 type=genomic from=cdna to=genomic
[TRACE]   -> Coord id=cdna start=2 end=4 strand=1
[TRACE] BTV.translation_start tr=YDR543C_mRNA vf=1524930:1524932 translation_start=1 translation_end=2
[TRACE] TVA.hgvs_protein tr=YDR543C_mRNA allele=- result=UniProtKB:Q03051:p.MetAla1_?2 reason=ok
[TRACE] Mapper.map_coordinates id=genome start=1525402 end=1525401 strand=-1 type=genomic from=cdna to=genomic
[TRACE] Mapper.map_coordinates id=genome start=1525401 end=1525402 strand=-1 type=genomic from=cdna to=genomic
[TRACE]   -> Coord id=cdna start=122 end=123 strand=1
[TRACE]   -> Coord id=cdna start=123 end=122 strand=1
[TRACE] BTV.cdna_start tr=YDR544C_mRNA vf=1525402:1525401 cdna_start=123 cdna_end=122
[TRACE] Mapper.map_coordinates id=genome start=1525402 end=1525401 strand=-1 type=genomic from=cdna to=genomic
[TRACE] Mapper.map_coordinates id=genome start=1525401 end=1525402 strand=-1 type=genomic from=cdna to=genomic
[TRACE]   -> Coord id=cdna start=122 end=123 strand=1
[TRACE]   -> Coord id=cdna start=123 end=122 strand=1
[TRACE] BTV.cds_start tr=YDR544C_mRNA vf=1525402:1525401 exon_phase=0 cds_start=123 cds_end=122
[TRACE] Mapper.map_coordinates id=genome start=1525402 end=1525401 strand=-1 type=genomic from=cdna to=genomic
[TRACE] Mapper.map_coordinates id=genome start=1525401 end=1525402 strand=-1 type=genomic from=cdna to=genomic
[TRACE]   -> Coord id=cdna start=122 end=123 strand=1
[TRACE]   -> Coord id=cdna start=123 end=122 strand=1
[TRACE] BTV.translation_start tr=YDR544C_mRNA vf=1525402:1525401 translation_start=41 translation_end=41
[TRACE] TVA.hgvs_protein tr=YDR544C_mRNA allele=GTG result=UniProtKB:Q03057:p.Thr41_Pro41insThr reason=ok
[TRACE] Mapper.map_coordinates id=genome start=14116 end=14115 strand=1 type=genomic from=cdna to=genomic
[TRACE] Mapper.map_coordinates id=genome start=14115 end=14116 strand=1 type=genomic from=cdna to=genomic
[TRACE]   -> Coord id=cdna start=365 end=366 strand=1
[TRACE]   -> Coord id=cdna start=366 end=365 strand=1
[TRACE] BTV.cdna_start tr=YCL065W_mRNA vf=14116:14115 cdna_start=366 cdna_end=365
[TRACE] Mapper.map_coordinates id=genome start=14116 end=14115 strand=1 type=genomic from=cdna to=genomic
[TRACE] Mapper.map_coordinates id=genome start=14115 end=14116 strand=1 type=genomic from=cdna to=genomic
[TRACE]   -> Coord id=cdna start=365 end=366 strand=1
[TRACE]   -> Coord id=cdna start=366 end=365 strand=1
[TRACE] BTV.cds_start tr=YCL065W_mRNA vf=14116:14115 exon_phase=0 cds_start=366 cds_end=365
[TRACE] Mapper.map_coordinates id=genome start=14116 end=14115 strand=1 type=genomic from=cdna to=genomic
[TRACE] Mapper.map_coordinates id=genome start=14115 end=14116 strand=1 type=genomic from=cdna to=genomic
[TRACE]   -> Coord id=cdna start=365 end=366 strand=1
[TRACE]   -> Coord id=cdna start=366 end=365 strand=1
[TRACE] BTV.translation_start tr=YCL065W_mRNA vf=14116:14115 translation_start=122 translation_end=122
[TRACE] TVA.hgvs_protein tr=YCL065W_mRNA allele=TAG result=undef reason=null_notation
[TRACE] Mapper.map_coordinates id=genome start=92737 end=92738 strand=1 type=genomic from=cdna to=genomic
[TRACE]   -> Coord id=cdna start=1752 end=1753 strand=1
[TRACE] BTV.cdna_start tr=SGD:S000289148 vf=92737:92738 cdna_start=1752 cdna_end=1753
[TRACE] Mapper.map_coordinates id=genome start=92737 end=92738 strand=1 type=genomic from=cdna to=genomic
[TRACE]   -> Coord id=cdna start=1752 end=1753 strand=1
[TRACE] BTV.cds_start tr=SGD:S000289148 vf=92737:92738 exon_phase=0 cds_start=1752 cds_end=1753
[TRACE] Mapper.map_coordinates id=genome start=92737 end=92738 strand=1 type=genomic from=cdna to=genomic
[TRACE]   -> Coord id=cdna start=1752 end=1753 strand=1
[TRACE] BTV.translation_start tr=SGD:S000289148 vf=92737:92738 translation_start=584 translation_end=585
[TRACE] TVA.hgvs_protein tr=SGD:S000289148 allele=- result=UniProtKB:P43573:p.Tyr584Ter reason=ok
[TRACE] Mapper.map_coordinates id=genome start=92737 end=92738 strand=1 type=genomic from=cdna to=genomic
[TRACE]   -> Coord id=cdna start=1752 end=1753 strand=1
[TRACE] BTV.cdna_start tr=SGD:S000294085 vf=92737:92738 cdna_start=1752 cdna_end=1753
[TRACE] Mapper.map_coordinates id=genome start=92737 end=92738 strand=1 type=genomic from=cdna to=genomic
[TRACE]   -> Coord id=cdna start=1752 end=1753 strand=1
[TRACE] BTV.cds_start tr=SGD:S000294085 vf=92737:92738 exon_phase=0 cds_start=1752 cds_end=1753
[TRACE] Mapper.map_coordinates id=genome start=92737 end=92738 strand=1 type=genomic from=cdna to=genomic
[TRACE]   -> Coord id=cdna start=1752 end=1753 strand=1
[TRACE] BTV.translation_start tr=SGD:S000294085 vf=92737:92738 translation_start=584 translation_end=585
[TRACE] TVA.hgvs_protein tr=SGD:S000294085 allele=- result=UniProtKB:P43573:p.Tyr584Ter reason=ok
[DEBUG] Done. Output: /Users/olinblodgett/git/agr_java_software/agr_vep/debug/output/java.vcf
